{"level":"INFO","time":"2024-08-14T22:10:16+08:00","file":"/Users/andying/github/maloong-zhang/catlog/example/main.go:26","func":"main.main","message":"custom log with json formatter"}
{"level":"INFO","time":"2024-08-14T22:13:47+08:00","file":"/Users/andying/github/maloong-zhang/catlog/example/main.go:26","func":"main.main","message":"custom log with json formatter"}
